============================================================
  Generated by:           Genus(TM) Synthesis Solution 21.12-s068_1
  Generated on:           Oct 04 2025  10:02:53 pm
  Module:                 convolution
  Operating conditions:   ssg0p81v125c 
  Operating conditions:   tt0p9v25c 
  Operating conditions:   ffg0p99vm40c 
  Interconnect mode:      global
  Area mode:              physical library
============================================================


Path 1: UNCONSTRAINED
           View: analysis_view_0p99v_m40c_capbst_fastest
     Startpoint: (R) weight_control_reg[1]/CP
       Endpoint: (R) weight_control_reg[0]/D

                           
      Data Path:-  213     

#----------------------------------------------------------------------------------------------------------
#      Timing Point        Flags    Arc   Edge       Cell         Fanout Load Trans Delay Arrival Instance 
#                                                                        (fF)  (ps)  (ps)   (ps)  Location 
#----------------------------------------------------------------------------------------------------------
  weight_control_reg[1]/CP -       -      R     (arrival)              4    -     0     0       0    (-,-) 
  weight_control_reg[1]/Q  -       CP->Q  F     DFCND1BWP30P140        6  6.8    24    49      49    (-,-) 
  g21623/Z                 -       A2->Z  F     OR2D1BWP30P140         3  3.5    14    22      71    (-,-) 
  g21541/ZN                -       A1->ZN R     NR2D0P7BWP30P140       1  1.5    16    14      85    (-,-) 
  g21413/ZN                -       A2->ZN F     OAI211D0BWP30P140      8  8.7   132    78     163    (-,-) 
  g21387/Z                 -       A1->Z  F     OR2D1BWP30P140         4  4.7    20    38     201    (-,-) 
  g23172/ZN                -       I->ZN  R     CKND1BWP30P140         1  1.8    12    11     212    (-,-) 
  weight_control_reg[0]/D  -       -      R     DFCND1BWP30P140        1    -     -     0     213    (-,-) 
#----------------------------------------------------------------------------------------------------------


