============================================================
  Generated by:           Genus(TM) Synthesis Solution 21.12-s068_1
  Generated on:           Oct 04 2025  10:02:40 pm
  Module:                 convolution
  Library domain:         timing_cond_0p81v_125c
    Domain index:         0
    Technology library:   tcbn28hpcplusbwp30p140ssg0p81v125c 110
  Operating conditions:   ssg0p81v125c 
  Interconnect mode:      global
  Area mode:              physical library
============================================================

         Instance           Module   Cell Count  Cell Area  Net Area   Total Area 
----------------------------------------------------------------------------------
convolution                                3428   4545.954  1431.025     5976.979 
  cols0[0].mac0           mac               146    136.332    56.608      192.940 
  cols0[1].mac0           mac_169           146    136.332    56.608      192.940 
  cols0[2].mac0           mac_168           146    136.332    56.608      192.940 
  cols12[1].rows[0].mac12 mac_8_170         154    169.092    60.579      229.671 
  cols12[1].rows[1].mac12 mac_8_171         154    169.092    60.579      229.671 
  cols12[1].rows[2].mac12 mac_8_172         154    169.092    60.579      229.671 
  cols12[2].rows[0].mac12 mac_8_173         154    171.738    60.825      232.563 
  cols12[2].rows[1].mac12 mac_8_174         154    171.738    60.825      232.563 
  cols12[2].rows[2].mac12 mac_8             154    171.738    60.825      232.563 
  reg_r[0].reg_c[0].ireg  reg                17     36.540     0.000       36.540 
  reg_r[0].reg_c[1].ireg  reg_458            17     36.540     0.000       36.540 
  reg_r[0].reg_c[2].ireg  reg_457            17     36.540     0.000       36.540 
  reg_r[1].reg_c[0].ireg  reg_456            18     38.808     0.000       38.808 
  reg_r[1].reg_c[1].ireg  reg_455            18     38.808     0.000       38.808 
  reg_r[1].reg_c[2].ireg  reg_454            18     38.808     0.000       38.808 
  reg_r[2].reg_c[0].ireg  reg_453            19     41.076     0.000       41.076 
  reg_r[2].reg_c[1].ireg  reg_452            19     41.076     0.000       41.076 
  reg_r[2].reg_c[2].ireg  reg_451            19     41.076     0.000       41.076 
