============================================================
  Generated by:           Genus(TM) Synthesis Solution 21.12-s068_1
  Generated on:           Oct 08 2025  09:00:21 pm
  Module:                 convolution
  Library domain:         timing_cond_0p81v_125c
    Domain index:         0
    Technology library:   tcbn28hpcplusbwp30p140ssg0p81v125c 110
  Operating conditions:   ssg0p81v125c 
  Interconnect mode:      global
  Area mode:              physical library
============================================================

                                                                              Library 
       Gate         Instances    Area                  Library                 Domain 
--------------------------------------------------------------------------------------
AN2D1BWP30P140              1     0.504    tcbn28hpcplusbwp30p140ssg0p81v125c       0 
AN3D1BWP30P140              3     1.890    tcbn28hpcplusbwp30p140ssg0p81v125c       0 
AO211D0BWP30P140            2     1.512    tcbn28hpcplusbwp30p140ssg0p81v125c       0 
AO21D0BWP30P140             7     4.410    tcbn28hpcplusbwp30p140ssg0p81v125c       0 
AO22D0BWP30P140           128    96.768    tcbn28hpcplusbwp30p140ssg0p81v125c       0 
AOI21D0P7BWP30P140          9     4.536    tcbn28hpcplusbwp30p140ssg0p81v125c       0 
AOI21D1BWP30P140            1     0.504    tcbn28hpcplusbwp30p140ssg0p81v125c       0 
AOI221D0BWP30P140           1     0.756    tcbn28hpcplusbwp30p140ssg0p81v125c       0 
AOI22D0P7BWP30P140         59    37.170    tcbn28hpcplusbwp30p140ssg0p81v125c       0 
AOI31D0BWP30P140            3     1.890    tcbn28hpcplusbwp30p140ssg0p81v125c       0 
CKAN2D1BWP30P140          216   108.864    tcbn28hpcplusbwp30p140ssg0p81v125c       0 
CKLNQD1BWP30P140           37    69.930    tcbn28hpcplusbwp30p140ssg0p81v125c       0 
CKMUX2D0BWP30P140           1     0.882    tcbn28hpcplusbwp30p140ssg0p81v125c       0 
CKND1BWP30P140            227    57.204    tcbn28hpcplusbwp30p140ssg0p81v125c       0 
CKND2D1BWP30P140           50    18.900    tcbn28hpcplusbwp30p140ssg0p81v125c       0 
DFCND1BWP30P140            11    27.720    tcbn28hpcplusbwp30p140ssg0p81v125c       0 
DFCNQD1BWP30P140          770  1746.360    tcbn28hpcplusbwp30p140ssg0p81v125c       0 
EDFCND1BWP30P140           10    30.240    tcbn28hpcplusbwp30p140ssg0p81v125c       0 
EDFCNQD1BWP30P140          11    31.878    tcbn28hpcplusbwp30p140ssg0p81v125c       0 
FA1D0BWP30P140            398   852.516    tcbn28hpcplusbwp30p140ssg0p81v125c       0 
HA1D0BWP30P140            352   576.576    tcbn28hpcplusbwp30p140ssg0p81v125c       0 
IAO21D1BWP30P140            3     1.890    tcbn28hpcplusbwp30p140ssg0p81v125c       0 
IND2D0BWP30P140            26    13.104    tcbn28hpcplusbwp30p140ssg0p81v125c       0 
IND2D1BWP30P140             5     2.520    tcbn28hpcplusbwp30p140ssg0p81v125c       0 
IND3D0BWP30P140             8     5.040    tcbn28hpcplusbwp30p140ssg0p81v125c       0 
IND4D0BWP30P140             3     2.268    tcbn28hpcplusbwp30p140ssg0p81v125c       0 
INR2D0BWP30P140            72    36.288    tcbn28hpcplusbwp30p140ssg0p81v125c       0 
INR2D1BWP30P140             2     1.008    tcbn28hpcplusbwp30p140ssg0p81v125c       0 
INR3D0BWP30P140            46    28.980    tcbn28hpcplusbwp30p140ssg0p81v125c       0 
INR4D0BWP30P140            23    17.388    tcbn28hpcplusbwp30p140ssg0p81v125c       0 
INVD0P7BWP30P140           18     4.536    tcbn28hpcplusbwp30p140ssg0p81v125c       0 
IOA21D1BWP30P140           44    27.720    tcbn28hpcplusbwp30p140ssg0p81v125c       0 
MAOI222D0BWP30P140          2     1.512    tcbn28hpcplusbwp30p140ssg0p81v125c       0 
MAOI22D0BWP30P140           3     2.268    tcbn28hpcplusbwp30p140ssg0p81v125c       0 
MOAI22D0BWP30P140           7     5.292    tcbn28hpcplusbwp30p140ssg0p81v125c       0 
MUX2ND0BWP30P140            1     0.756    tcbn28hpcplusbwp30p140ssg0p81v125c       0 
ND2D1BWP30P140              1     0.378    tcbn28hpcplusbwp30p140ssg0p81v125c       0 
ND3D0BWP30P140              5     2.520    tcbn28hpcplusbwp30p140ssg0p81v125c       0 
ND3D1BWP30P140              1     0.504    tcbn28hpcplusbwp30p140ssg0p81v125c       0 
ND4D0BWP30P140              4     2.520    tcbn28hpcplusbwp30p140ssg0p81v125c       0 
NR2D0P7BWP30P140           85    32.130    tcbn28hpcplusbwp30p140ssg0p81v125c       0 
NR3D0BWP30P140             10     5.040    tcbn28hpcplusbwp30p140ssg0p81v125c       0 
NR4D0BWP30P140             15     9.450    tcbn28hpcplusbwp30p140ssg0p81v125c       0 
OA211D0BWP30P140            1     0.756    tcbn28hpcplusbwp30p140ssg0p81v125c       0 
OA21D0BWP30P140             1     0.630    tcbn28hpcplusbwp30p140ssg0p81v125c       0 
OAI211D0BWP30P140           2     1.260    tcbn28hpcplusbwp30p140ssg0p81v125c       0 
OAI21D0BWP30P140           61    30.744    tcbn28hpcplusbwp30p140ssg0p81v125c       0 
OAI221D0BWP30P140           2     1.764    tcbn28hpcplusbwp30p140ssg0p81v125c       0 
OAI22D0P7BWP30P140        130    81.900    tcbn28hpcplusbwp30p140ssg0p81v125c       0 
OAI31D0BWP30P140           12     7.560    tcbn28hpcplusbwp30p140ssg0p81v125c       0 
OR2D1BWP30P140             25    12.600    tcbn28hpcplusbwp30p140ssg0p81v125c       0 
OR3D0BWP30P140              6     3.780    tcbn28hpcplusbwp30p140ssg0p81v125c       0 
OR3D1BWP30P140              1     0.630    tcbn28hpcplusbwp30p140ssg0p81v125c       0 
OR4D1BWP30P140             23    17.388    tcbn28hpcplusbwp30p140ssg0p81v125c       0 
XNR2UD0BWP30P140          290   255.780    tcbn28hpcplusbwp30p140ssg0p81v125c       0 
XOR2UD0BWP30P140           40    35.280    tcbn28hpcplusbwp30p140ssg0p81v125c       0 
XOR3UD0BWP30P140            2     3.528    tcbn28hpcplusbwp30p140ssg0p81v125c       0 
--------------------------------------------------------------------------------------
total                    3277  4327.722                                       


                                                       
            Type             Instances   Area   Area % 
-------------------------------------------------------
sequential                         802 1836.198   42.4 
inverter                           245   61.740    1.4 
clock_gating_integrated_cell        37   69.930    1.6 
logic                             2193 2359.854   54.5 
physical_cells                       0    0.000    0.0 
-------------------------------------------------------
total                             3277 4327.722  100.0 

