============================================================
  Generated by:           Genus(TM) Synthesis Solution 21.12-s068_1
  Generated on:           Oct 04 2025  10:02:40 pm
  Module:                 convolution
  Library domain:         timing_cond_0p81v_125c
    Domain index:         0
    Technology library:   tcbn28hpcplusbwp30p140ssg0p81v125c 110
  Operating conditions:   ssg0p81v125c 
  Interconnect mode:      global
  Area mode:              physical library
============================================================


Summary
-------
--------------------------------------------------------------------------
            Category            Number     %    Average Toggle Saving %   
--------------------------------------------------------------------------
 Total Clock Gating Instances       39  100.00                         -  
--------------------------------------------------------------------------
 RC Clock Gating Instances          39  100.00                     71.70  
 Non-RC Clock Gating Instances       0    0.00                      0.00  
--------------------------------------------------------------------------
 RC Gated Flip-flops               870   98.31                     76.48  
 Non-RC Gated Flip-flops             0    0.00                      0.00  
--------------------------------------------------------------------------
 Total Gated Flip-flops            870   98.31                         -  
 Total Ungated Flip-flops           15    1.69                         -  
 Enable not found                    6   40.00                         -  
 Register bank width too small       9   60.00                         -  
--------------------------------------------------------------------------
 Total Flip-flops                  885  100.00                         -  
--------------------------------------------------------------------------
Multibit Flip-flop Summary
--------------------------
-------------------------------------------------------
Width     Number     Bits     RC Gated     Ungated     
-------------------------------------------------------
1-bit     885        885      870 (98.31%) 15 (1.69%)  
-------------------------------------------------------


