============================================================
  Generated by:           Genus(TM) Synthesis Solution 21.12-s068_1
  Generated on:           Jan 27 2026  04:01:12 pm
  Module:                 convolution
  Library domain:         timing_cond_0p81v_125c
    Domain index:         0
    Technology library:   tcbn28hpcplusbwp30p140ssg0p81v125c 110
  Operating conditions:   ssg0p81v125c 
  Interconnect mode:      global
  Area mode:              physical library
============================================================

         Instance           Module   Cell Count  Cell Area  Net Area   Total Area 
----------------------------------------------------------------------------------
convolution                                4131   5468.400  1789.764     7258.164 
  cols0[0].mac0           mac               212    207.774    85.513      293.287 
  cols0[1].mac0           mac_167           212    207.774    85.513      293.287 
  cols0[2].mac0           mac_166           212    207.774    85.513      293.287 
  cols12[1].rows[0].mac12 mac_8_168         220    249.732    90.260      339.992 
  cols12[1].rows[1].mac12 mac_8_169         220    249.732    90.260      339.992 
  cols12[1].rows[2].mac12 mac_8_170         220    249.732    90.260      339.992 
  cols12[2].rows[0].mac12 mac_8_171         223    252.252    91.017      343.269 
  cols12[2].rows[1].mac12 mac_8_172         223    252.252    91.017      343.269 
  cols12[2].rows[2].mac12 mac_8             223    252.252    91.017      343.269 
  reg_r[0].reg_c[0].ireg  reg                21     45.612     0.000       45.612 
  reg_r[0].reg_c[1].ireg  reg_414            21     45.612     0.000       45.612 
  reg_r[0].reg_c[2].ireg  reg_413            21     45.612     0.000       45.612 
  reg_r[1].reg_c[0].ireg  reg_412            22     47.880     0.000       47.880 
  reg_r[1].reg_c[1].ireg  reg_411            22     47.880     0.000       47.880 
  reg_r[1].reg_c[2].ireg  reg_410            22     47.880     0.000       47.880 
  reg_r[2].reg_c[0].ireg  reg_409            23     50.148     0.000       50.148 
  reg_r[2].reg_c[1].ireg  reg_408            23     50.148     0.000       50.148 
  reg_r[2].reg_c[2].ireg  reg_407            23     50.148     0.000       50.148 
