============================================================
  Generated by:           Genus(TM) Synthesis Solution 21.12-s068_1
  Generated on:           Jan 19 2026  10:48:29 pm
  Module:                 convolution
  Library domain:         timing_cond_0p81v_125c
    Domain index:         0
    Technology library:   tcbn28hpcplusbwp30p140ssg0p81v125c 110
  Operating conditions:   ssg0p81v125c 
  Interconnect mode:      global
  Area mode:              physical library
============================================================


Summary
-------
--------------------------------------------------------------------------
            Category            Number     %    Average Toggle Saving %   
--------------------------------------------------------------------------
 Total Clock Gating Instances       26  100.00                         -  
--------------------------------------------------------------------------
 RC Clock Gating Instances          26  100.00                     61.82  
 Non-RC Clock Gating Instances       0    0.00                      0.00  
--------------------------------------------------------------------------
 RC Gated Flip-flops               484   69.14                     69.31  
 Non-RC Gated Flip-flops             0    0.00                      0.00  
--------------------------------------------------------------------------
 Total Gated Flip-flops            484   69.14                         -  
 Total Ungated Flip-flops          216   30.86                         -  
 Enable not found                   65   30.09                         -  
 Register bank width too small       7    3.24                         -  
 User preserved                    144   66.67                         -  
--------------------------------------------------------------------------
 Total Flip-flops                  700  100.00                         -  
--------------------------------------------------------------------------
Multibit Flip-flop Summary
--------------------------
-------------------------------------------------------
Width     Number     Bits     RC Gated     Ungated     
-------------------------------------------------------
1-bit     700        700      484 (69.14%) 216 (30.86%) 
--------------------------------------------------------


