============================================================
  Generated by:           Genus(TM) Synthesis Solution 21.12-s068_1
  Generated on:           Mar 30 2026  04:14:00 pm
  Module:                 convolution
  Operating conditions:   ssg0p81v125c 
  Operating conditions:   tt0p9v25c 
  Interconnect mode:      global
  Area mode:              physical library
============================================================


Path 1: MET (308 ps) Late External Delay Assertion at pin ofmap_out[42]
           View: analysis_view_0p90v_25c_captyp_nominal
          Group: clock
     Startpoint: (R) cont_debug_reg[15]/CP
          Clock: (R) clock
       Endpoint: (F) ofmap_out[42]
          Clock: (R) clock

                     Capture       Launch     
        Clock Edge:+    2000            0     
       Src Latency:+       0            0     
       Net Latency:+       0 (I)        0 (I) 
           Arrival:=    2000            0     
                                              
      Output Delay:-    1000                  
     Required Time:=    1000                  
      Launch Clock:-       0                  
         Data Path:-     692                  
             Slack:=     308                  

Exceptions/Constraints:
  output_delay             1000            tmp_sdc_analysis_vie_line_659 

#------------------------------------------------------------------------------------------------------
#     Timing Point      Flags    Arc   Edge       Cell        Fanout Load Trans Delay Arrival Instance 
#                                                                    (fF)  (ps)  (ps)   (ps)  Location 
#------------------------------------------------------------------------------------------------------
  cont_debug_reg[15]/CP -       -      R     (arrival)            32    -     0     0       0    (-,-) 
  cont_debug_reg[15]/Q  -       CP->Q  F     DFCNQD1BWP30P140      2  3.5    18    52      52    (-,-) 
  g26339/ZN             -       A4->ZN R     NR4D0BWP30P140        1  1.4    30    30      81    (-,-) 
  g26216/ZN             -       A1->ZN R     INR3D0BWP30P140       2  2.5    56    49     130    (-,-) 
  g26186/ZN             -       A1->ZN R     INR4D0BWP30P140       2  2.5    74    64     194    (-,-) 
  g26095/ZN             -       A1->ZN R     INR3D0BWP30P140       1  1.3    36    39     233    (-,-) 
  g26026/ZN             -       A1->ZN R     IAO21D1BWP30P140      1  1.5    18    26     260    (-,-) 
  g27030/ZN             -       A2->ZN F     AOI21D1BWP30P140      1  1.3    19    16     275    (-,-) 
  g25994/Z              -       A1->Z  F     AN2D1BWP30P140       50 58.8   232   145     420    (-,-) 
  g25989/ZN             -       I->ZN  R     CKND1BWP30P140       44 45.0   233   203     624    (-,-) 
  g25957/ZN             -       A3->ZN F     OAI32D1BWP30P140      1  5.0    94    68     691    (-,-) 
  ofmap_out[42]         <<<     -      F     (port)                -    -     -     0     692    (-,-) 
#------------------------------------------------------------------------------------------------------


