============================================================
  Generated by:           Genus(TM) Synthesis Solution 21.12-s068_1
  Generated on:           Mar 27 2026  09:39:23 pm
  Module:                 convolution
  Library domain:         timing_cond_0p81v_125c
    Domain index:         0
    Technology library:   tcbn28hpcplusbwp30p140ssg0p81v125c 110
  Operating conditions:   ssg0p81v125c 
  Interconnect mode:      global
  Area mode:              physical library
============================================================

                                                                               Library 
       Gate         Instances    Area                   Library                 Domain 
---------------------------------------------------------------------------------------
AN2D1BWP30P140             21     10.584    tcbn28hpcplusbwp30p140ssg0p81v125c       0 
AN3D1BWP30P140              3      1.890    tcbn28hpcplusbwp30p140ssg0p81v125c       0 
AO211D0BWP30P140            2      1.512    tcbn28hpcplusbwp30p140ssg0p81v125c       0 
AO21D0BWP30P140             9      5.670    tcbn28hpcplusbwp30p140ssg0p81v125c       0 
AO22D0BWP30P140           939    709.884    tcbn28hpcplusbwp30p140ssg0p81v125c       0 
AOI211D0BWP30P140           1      0.630    tcbn28hpcplusbwp30p140ssg0p81v125c       0 
AOI21D0P7BWP30P140          8      4.032    tcbn28hpcplusbwp30p140ssg0p81v125c       0 
AOI21D1BWP30P140            1      0.504    tcbn28hpcplusbwp30p140ssg0p81v125c       0 
AOI221D0BWP30P140         918    694.008    tcbn28hpcplusbwp30p140ssg0p81v125c       0 
AOI222D0BWP30P140         108    108.864    tcbn28hpcplusbwp30p140ssg0p81v125c       0 
AOI22D0P7BWP30P140        295    185.850    tcbn28hpcplusbwp30p140ssg0p81v125c       0 
AOI31D0BWP30P140            3      1.890    tcbn28hpcplusbwp30p140ssg0p81v125c       0 
CKAN2D1BWP30P140          249    125.496    tcbn28hpcplusbwp30p140ssg0p81v125c       0 
CKLNQD1BWP30P140           37     69.930    tcbn28hpcplusbwp30p140ssg0p81v125c       0 
CKMUX2D0BWP30P140           1      0.882    tcbn28hpcplusbwp30p140ssg0p81v125c       0 
CKND1BWP30P140            353     88.956    tcbn28hpcplusbwp30p140ssg0p81v125c       0 
CKND2D1BWP30P140          203     76.734    tcbn28hpcplusbwp30p140ssg0p81v125c       0 
DFCND1BWP30P140            11     27.720    tcbn28hpcplusbwp30p140ssg0p81v125c       0 
DFCNQD1BWP30P140         1385   3141.180    tcbn28hpcplusbwp30p140ssg0p81v125c       0 
DFCNQD2BWP30P140           12     31.752    tcbn28hpcplusbwp30p140ssg0p81v125c       0 
EDFCND1BWP30P140           11     33.264    tcbn28hpcplusbwp30p140ssg0p81v125c       0 
EDFCNQD1BWP30P140          11     31.878    tcbn28hpcplusbwp30p140ssg0p81v125c       0 
FA1D0BWP30P140           1745   3737.790    tcbn28hpcplusbwp30p140ssg0p81v125c       0 
HA1D0BWP30P140            377    617.526    tcbn28hpcplusbwp30p140ssg0p81v125c       0 
IAO21D1BWP30P140            3      1.890    tcbn28hpcplusbwp30p140ssg0p81v125c       0 
IND2D0BWP30P140            24     12.096    tcbn28hpcplusbwp30p140ssg0p81v125c       0 
IND2D1BWP30P140             7      3.528    tcbn28hpcplusbwp30p140ssg0p81v125c       0 
IND3D0BWP30P140             5      3.150    tcbn28hpcplusbwp30p140ssg0p81v125c       0 
IND4D0BWP30P140             6      4.536    tcbn28hpcplusbwp30p140ssg0p81v125c       0 
INR2D0BWP30P140           131     66.024    tcbn28hpcplusbwp30p140ssg0p81v125c       0 
INR2D1BWP30P140             3      1.512    tcbn28hpcplusbwp30p140ssg0p81v125c       0 
INR3D0BWP30P140            47     29.610    tcbn28hpcplusbwp30p140ssg0p81v125c       0 
INR4D0BWP30P140            23     17.388    tcbn28hpcplusbwp30p140ssg0p81v125c       0 
INVD0P7BWP30P140           16      4.032    tcbn28hpcplusbwp30p140ssg0p81v125c       0 
INVD1BWP30P140              1      0.252    tcbn28hpcplusbwp30p140ssg0p81v125c       0 
IOA21D1BWP30P140           77     48.510    tcbn28hpcplusbwp30p140ssg0p81v125c       0 
MAOI222D0BWP30P140          2      1.512    tcbn28hpcplusbwp30p140ssg0p81v125c       0 
MAOI222D1BWP30P140          3      2.268    tcbn28hpcplusbwp30p140ssg0p81v125c       0 
MOAI22D0BWP30P140           1      0.756    tcbn28hpcplusbwp30p140ssg0p81v125c       0 
MUX2NUD1BWP30P140          45     34.020    tcbn28hpcplusbwp30p140ssg0p81v125c       0 
ND2D2BWP30P140              1      0.630    tcbn28hpcplusbwp30p140ssg0p81v125c       0 
ND3D0BWP30P140            200    100.800    tcbn28hpcplusbwp30p140ssg0p81v125c       0 
ND3D1BWP30P140              1      0.504    tcbn28hpcplusbwp30p140ssg0p81v125c       0 
ND4D0BWP30P140              5      3.150    tcbn28hpcplusbwp30p140ssg0p81v125c       0 
NR2D0P7BWP30P140           97     36.666    tcbn28hpcplusbwp30p140ssg0p81v125c       0 
NR3D0BWP30P140             16      8.064    tcbn28hpcplusbwp30p140ssg0p81v125c       0 
NR4D0BWP30P140             15      9.450    tcbn28hpcplusbwp30p140ssg0p81v125c       0 
OA211D0BWP30P140            1      0.756    tcbn28hpcplusbwp30p140ssg0p81v125c       0 
OA21D0BWP30P140             2      1.260    tcbn28hpcplusbwp30p140ssg0p81v125c       0 
OAI211D0BWP30P140           2      1.260    tcbn28hpcplusbwp30p140ssg0p81v125c       0 
OAI21D0BWP30P140          139     70.056    tcbn28hpcplusbwp30p140ssg0p81v125c       0 
OAI221D0BWP30P140           2      1.764    tcbn28hpcplusbwp30p140ssg0p81v125c       0 
OAI22D0P7BWP30P140          1      0.630    tcbn28hpcplusbwp30p140ssg0p81v125c       0 
OAI31D0BWP30P140            2      1.260    tcbn28hpcplusbwp30p140ssg0p81v125c       0 
OAI33D1BWP30P140           54     47.628    tcbn28hpcplusbwp30p140ssg0p81v125c       0 
OR2D1BWP30P140             18      9.072    tcbn28hpcplusbwp30p140ssg0p81v125c       0 
OR3D0BWP30P140              6      3.780    tcbn28hpcplusbwp30p140ssg0p81v125c       0 
OR3D1BWP30P140              1      0.630    tcbn28hpcplusbwp30p140ssg0p81v125c       0 
OR4D1BWP30P140             23     17.388    tcbn28hpcplusbwp30p140ssg0p81v125c       0 
XNR2UD0BWP30P140         1369   1207.458    tcbn28hpcplusbwp30p140ssg0p81v125c       0 
XOR2UD0BWP30P140          149    131.418    tcbn28hpcplusbwp30p140ssg0p81v125c       0 
XOR2UD1BWP30P140            9      7.938    tcbn28hpcplusbwp30p140ssg0p81v125c       0 
XOR3UD0BWP30P140            2      3.528    tcbn28hpcplusbwp30p140ssg0p81v125c       0 
XOR3UD1BWP30P140            6     10.584    tcbn28hpcplusbwp30p140ssg0p81v125c       0 
---------------------------------------------------------------------------------------
total                    9218  11615.184                                       


                                                        
            Type             Instances    Area   Area % 
--------------------------------------------------------
sequential                        1430  3265.794   28.1 
inverter                           370    93.240    0.8 
clock_gating_integrated_cell        37    69.930    0.6 
logic                             7381  8186.220   70.5 
physical_cells                       0     0.000    0.0 
--------------------------------------------------------
total                             9218 11615.184  100.0 

