============================================================
  Generated by:           Genus(TM) Synthesis Solution 21.12-s068_1
  Generated on:           Mar 31 2026  02:43:14 pm
  Module:                 multip
  Operating conditions:   ssg0p81v125c 
  Operating conditions:   tt0p9v25c 
  Interconnect mode:      global
  Area mode:              physical library
============================================================


Path 1: UNCONSTRAINED
           View: analysis_view_0p90v_25c_captyp_nominal
     Startpoint: (F) op2[2]
       Endpoint: (F) product[0]

                   Capture    Launch  
      Drv Adjust:+       0        86  
                                      
       Data Path:-     368            

#---------------------------------------------------------------------------------------------------------
#      Timing Point        Flags    Arc   Edge       Cell        Fanout Load Trans Delay Arrival Instance 
#                                                                       (fF)  (ps)  (ps)   (ps)  Location 
#---------------------------------------------------------------------------------------------------------
  op2[2]                   -       -      F     (arrival)            28 38.0   158     0      86    (-,-) 
  mul_20_31_g5807__6260/ZN -       A2->ZN R     XNR2UD0BWP30P140      2  2.5    75    74     159    (-,-) 
  mul_20_31_g5800/ZN       -       I->ZN  F     CKND1BWP30P140        1  1.3    23    16     175    (-,-) 
  mul_20_31_g5774__5107/Z  -       A1->Z  F     AN2D1BWP30P140       22 20.3    82    63     238    (-,-) 
  mul_20_31_g5707__4733/ZN -       A2->ZN R     OAI21D0BWP30P140      1  1.4    39    42     279    (-,-) 
  mul_20_31_g5669__1617/ZN -       A2->ZN R     XNR2UD0BWP30P140      1  2.5    65    41     320    (-,-) 
  mul_20_31_g5626__1666/S  -       B->S   F     HA1D0BWP30P140        1  5.0    39    48     368    (-,-) 
  product[0]               -       -      F     (port)                -    -     -     0     368    (-,-) 
#---------------------------------------------------------------------------------------------------------


