============================================================
  Generated by:           Genus(TM) Synthesis Solution 21.12-s068_1
  Generated on:           Mar 31 2026  02:43:09 pm
  Module:                 multip
  Library domain:         timing_cond_0p81v_125c
    Domain index:         0
    Technology library:   tcbn28hpcplusbwp30p140ssg0p81v125c 110
  Operating conditions:   ssg0p81v125c 
  Interconnect mode:      global
  Area mode:              physical library
============================================================

                                                                             Library 
       Gate         Instances   Area                  Library                 Domain 
-------------------------------------------------------------------------------------
AN2D1BWP30P140              2    1.008    tcbn28hpcplusbwp30p140ssg0p81v125c       0 
AO22D0BWP30P140            93   70.308    tcbn28hpcplusbwp30p140ssg0p81v125c       0 
AOI221D0BWP30P140          93   70.308    tcbn28hpcplusbwp30p140ssg0p81v125c       0 
AOI222D0BWP30P140           9    9.072    tcbn28hpcplusbwp30p140ssg0p81v125c       0 
AOI22D0P7BWP30P140         12    7.560    tcbn28hpcplusbwp30p140ssg0p81v125c       0 
CKND1BWP30P140             27    6.804    tcbn28hpcplusbwp30p140ssg0p81v125c       0 
CKND2D1BWP30P140           10    3.780    tcbn28hpcplusbwp30p140ssg0p81v125c       0 
FA1D0BWP30P140            115  246.330    tcbn28hpcplusbwp30p140ssg0p81v125c       0 
HA1D0BWP30P140             22   36.036    tcbn28hpcplusbwp30p140ssg0p81v125c       0 
IND2D0BWP30P140             1    0.504    tcbn28hpcplusbwp30p140ssg0p81v125c       0 
INR2D0BWP30P140             3    1.512    tcbn28hpcplusbwp30p140ssg0p81v125c       0 
MUX2ND0BWP30P140            3    2.268    tcbn28hpcplusbwp30p140ssg0p81v125c       0 
MUX2NUD1BWP30P140           2    1.512    tcbn28hpcplusbwp30p140ssg0p81v125c       0 
ND3D0BWP30P140             16    8.064    tcbn28hpcplusbwp30p140ssg0p81v125c       0 
NR2D0P7BWP30P140            8    3.024    tcbn28hpcplusbwp30p140ssg0p81v125c       0 
NR3D0BWP30P140              1    0.504    tcbn28hpcplusbwp30p140ssg0p81v125c       0 
OAI21D0BWP30P140            9    4.536    tcbn28hpcplusbwp30p140ssg0p81v125c       0 
OAI33D0BWP30P140            3    2.646    tcbn28hpcplusbwp30p140ssg0p81v125c       0 
OAI33D1BWP30P140            3    2.646    tcbn28hpcplusbwp30p140ssg0p81v125c       0 
XNR2UD0BWP30P140          124  109.368    tcbn28hpcplusbwp30p140ssg0p81v125c       0 
XNR3UD1BWP30P140            1    1.764    tcbn28hpcplusbwp30p140ssg0p81v125c       0 
XNR4D1BWP30P140             3    7.938    tcbn28hpcplusbwp30p140ssg0p81v125c       0 
XOR2UD0BWP30P140            9    7.938    tcbn28hpcplusbwp30p140ssg0p81v125c       0 
XOR4D0BWP30P140             1    2.646    tcbn28hpcplusbwp30p140ssg0p81v125c       0 
-------------------------------------------------------------------------------------
total                     570  608.076                                       


                                        
     Type      Instances   Area  Area % 
----------------------------------------
inverter              27   6.804    1.1 
logic                543 601.272   98.9 
physical_cells         0   0.000    0.0 
----------------------------------------
total                570 608.076  100.0 

