============================================================
  Generated by:           Genus(TM) Synthesis Solution 21.12-s068_1
  Generated on:           Mar 31 2026  02:43:14 pm
  Module:                 multip
  Operating conditions:   ssg0p81v125c 
  Operating conditions:   tt0p9v25c 
  Interconnect mode:      global
  Area mode:              physical library
============================================================

-------------------------------------------------------------------------------
Inputs without clocked external delays

The following primary inputs have no clocked external delays in mode            
'analysis_view_0p90v_25c_captyp_nominal'.  As a result the timing paths leading 
from the ports have no timing constraints derived from clock waveforms.         
The'external_delay' command is used to create new external delays.              

port:multip/op1[0]
port:multip/op1[10]
port:multip/op1[11]
port:multip/op1[12]
port:multip/op1[13]
port:multip/op1[14]
port:multip/op1[15]
port:multip/op1[16]
port:multip/op1[17]
port:multip/op1[18]
port:multip/op1[19]
port:multip/op1[1]
port:multip/op1[2]
port:multip/op1[3]
port:multip/op1[4]
port:multip/op1[5]
port:multip/op1[6]
port:multip/op1[7]
port:multip/op1[8]
port:multip/op1[9]
port:multip/op2[0]
port:multip/op2[10]
port:multip/op2[11]
port:multip/op2[12]
port:multip/op2[13]
port:multip/op2[14]
port:multip/op2[15]
port:multip/op2[16]
port:multip/op2[17]
port:multip/op2[18]
port:multip/op2[19]
port:multip/op2[1]
port:multip/op2[2]
port:multip/op2[3]
port:multip/op2[4]
port:multip/op2[5]
port:multip/op2[6]
port:multip/op2[7]
port:multip/op2[8]
port:multip/op2[9]
-------------------------------------------------------------------------------

-------------------------------------------------------------------------------
Outputs without clocked external delays

The following primary outputs have no clocked external delays in mode           
'analysis_view_0p90v_25c_captyp_nominal'.  As a result the timing paths leading 
to the ports have no timing constraints derived from clock waveforms.           
The'external_delay' command is used to create new external delays.              

port:multip/product[0]
port:multip/product[10]
port:multip/product[11]
port:multip/product[12]
port:multip/product[13]
port:multip/product[14]
port:multip/product[15]
port:multip/product[16]
port:multip/product[17]
port:multip/product[18]
port:multip/product[19]
port:multip/product[1]
port:multip/product[20]
port:multip/product[21]
port:multip/product[22]
port:multip/product[23]
port:multip/product[24]
port:multip/product[25]
port:multip/product[26]
port:multip/product[27]
port:multip/product[2]
port:multip/product[3]
port:multip/product[4]
port:multip/product[5]
port:multip/product[6]
port:multip/product[7]
port:multip/product[8]
port:multip/product[9]
-------------------------------------------------------------------------------


Lint summary
 Generated clocks without clock waveform                          0
 Generated clocks with incompatible options                       0
 Generated clocks with multi-master clock                         0
 Paths constrained with different clocks                          0
 Loop-breaking cells for combinational feedback                   0
 Nets with multiple drivers                                       0
 Timing exceptions with no effect                                 0
 Suspicious multi_cycle exceptions                                0
 Pins/ports with conflicting case constants                       0
 Inputs without clocked external delays                          40
 Outputs without clocked external delays                         28
 Inputs without external driver/transition                        0
 Outputs without external load                                    0
 Exceptions with invalid timing start-/endpoints                  0

                                                  Total:         68

